../Core/Src/main.c:63:6:map	24	static
../Core/Src/main.c:113:6:HAL_UART_RxCpltCallback	16	static
../Core/Src/main.c:167:5:constrain	24	static
../Core/Src/main.c:174:6:compute	48	static
../Core/Src/main.c:191:6:SetTunings	48	static
../Core/Src/main.c:205:5:main	96	static
../Core/Src/main.c:396:6:SystemClock_Config	88	static
../Core/Src/main.c:444:13:MX_TIM1_Init	96	static
../Core/Src/main.c:523:13:MX_TIM2_Init	56	static
../Core/Src/main.c:572:13:MX_UART4_Init	8	static
../Core/Src/main.c:605:13:MX_USART2_UART_Init	8	static
../Core/Src/main.c:636:13:MX_DMA_Init	16	static
../Core/Src/main.c:654:13:MX_GPIO_Init	48	static
../Core/Src/main.c:710:5:_write	24	static
../Core/Src/main.c:720:6:Error_Handler	4	static,ignoring_inline_asm
