../Core/Src/main.c:225:6:init_i2c_slave	8	static
../Core/Src/main.c:240:6:HAL_I2C_SlaveRxCpltCallback	16	static
../Core/Src/main.c:258:6:HAL_I2C_ErrorCallback	16	static
../Core/Src/main.c:282:9:check_i2c_communication	16	static
../Core/Src/main.c:307:6:process_i2c_data	8	static
../Core/Src/main.c:367:6:map	24	static
../Core/Src/main.c:372:7:calculateWheelDistance	24	static
../Core/Src/main.c:376:7:del	24	static
../Core/Src/main.c:449:6:computeRobotMotion	64	static
../Core/Src/main.c:538:6:resetEncoders	4	static
../Core/Src/main.c:544:6:stopEncoders	8	static
../Core/Src/main.c:550:6:startEncoders	8	static
../Core/Src/main.c:556:7:constrain	24	static
../Core/Src/main.c:566:6:rectToPolar	16	static
../Core/Src/main.c:588:6:compute3wheel	72	static
../Core/Src/main.c:610:6:applyDeceleration	40	static
../Core/Src/main.c:649:6:Set_Servo_Angle	32	static
../Core/Src/main.c:659:5:main	152	static
../Core/Src/main.c:973:6:SystemClock_Config	88	static
../Core/Src/main.c:1024:13:MX_I2C1_Init	8	static
../Core/Src/main.c:1056:13:MX_I2C2_Init	8	static
../Core/Src/main.c:1088:13:MX_TIM1_Init	96	static
../Core/Src/main.c:1167:13:MX_TIM2_Init	56	static
../Core/Src/main.c:1214:13:MX_TIM3_Init	80	static
../Core/Src/main.c:1274:13:MX_TIM5_Init	56	static
../Core/Src/main.c:1321:13:MX_TIM8_Init	56	static
../Core/Src/main.c:1369:13:MX_TIM10_Init	40	static
../Core/Src/main.c:1412:13:MX_TIM11_Init	40	static
../Core/Src/main.c:1455:13:MX_TIM12_Init	56	static
../Core/Src/main.c:1503:13:MX_TIM13_Init	40	static
../Core/Src/main.c:1546:13:MX_TIM14_Init	40	static
../Core/Src/main.c:1589:13:MX_USART2_UART_Init	8	static
../Core/Src/main.c:1620:13:MX_GPIO_Init	48	static
../Core/Src/main.c:1680:5:_write	24	static
../Core/Src/main.c:1690:6:Error_Handler	4	static,ignoring_inline_asm
