../Core/Src/main.c:94:5:constrain	24	static
../Core/Src/main.c:99:6:compute3wheel	64	static
../Core/Src/main.c:116:5:main	88	static
../Core/Src/main.c:310:6:SystemClock_Config	88	static
../Core/Src/main.c:358:13:MX_TIM1_Init	96	static
../Core/Src/main.c:441:13:MX_TIM2_Init	56	static
../Core/Src/main.c:490:13:MX_TIM3_Init	56	static
../Core/Src/main.c:539:13:MX_TIM4_Init	56	static
../Core/Src/main.c:588:13:MX_TIM8_Init	32	static
../Core/Src/main.c:628:5:_write	24	static
../Core/Src/main.c:637:13:MX_UART4_Init	8	static
../Core/Src/main.c:670:13:MX_USART2_UART_Init	8	static
../Core/Src/main.c:703:13:MX_GPIO_Init	48	static
../Core/Src/main.c:753:6:Error_Handler	4	static,ignoring_inline_asm
