../Core/Src/main.c:223:6:Channel_A_Config	24	static
../Core/Src/main.c:237:6:Channel_B_Config	24	static
../Core/Src/main.c:251:6:Encoder_Init	40	static
../Core/Src/main.c:270:10:Get_Encoder_Counts	16	static
../Core/Src/main.c:286:5:main	8	static
../Core/Src/main.c:343:6:SystemClock_Config	88	static
../Core/Src/main.c:391:13:MX_USART2_UART_Init	8	static
../Core/Src/main.c:424:13:MX_GPIO_Init	48	static
../Core/Src/main.c:457:5:_write	24	static
../Core/Src/main.c:467:6:Error_Handler	4	static,ignoring_inline_asm
